Archive member included to satisfy reference by file (symbol)

/opt/miyoo/lib/gcc/arm-miyoo-linux-uclibcgnueabi/7.3.0/libgcov.a(_gcov_merge_add.o)
                              platform/linux/emu.o (__gcov_merge_add)
/opt/miyoo/lib/gcc/arm-miyoo-linux-uclibcgnueabi/7.3.0/libgcov.a(_gcov_merge_single.o)
                              platform/libpicofe/plat_sdl.o (__gcov_merge_single)
/opt/miyoo/lib/gcc/arm-miyoo-linux-uclibcgnueabi/7.3.0/libgcov.a(_gcov_merge_ior.o)
                              platform/common/menu_pico.o (__gcov_merge_ior)
/opt/miyoo/lib/gcc/arm-miyoo-linux-uclibcgnueabi/7.3.0/libgcov.a(_gcov_merge_time_profile.o)
                              platform/linux/emu.o (__gcov_merge_time_profile)
/opt/miyoo/lib/gcc/arm-miyoo-linux-uclibcgnueabi/7.3.0/libgcov.a(_gcov_interval_profiler.o)
                              cpu/fame/famec.o (__gcov_interval_profiler)
/opt/miyoo/lib/gcc/arm-miyoo-linux-uclibcgnueabi/7.3.0/libgcov.a(_gcov_pow2_profiler.o)
                              cpu/fame/famec.o (__gcov_pow2_profiler)
/opt/miyoo/lib/gcc/arm-miyoo-linux-uclibcgnueabi/7.3.0/libgcov.a(_gcov_one_value_profiler.o)
                              platform/common/menu_pico.o (__gcov_one_value_profiler)
/opt/miyoo/lib/gcc/arm-miyoo-linux-uclibcgnueabi/7.3.0/libgcov.a(_gcov_average_profiler.o)
                              platform/common/menu_pico.o (__gcov_average_profiler)
/opt/miyoo/lib/gcc/arm-miyoo-linux-uclibcgnueabi/7.3.0/libgcov.a(_gcov_ior_profiler.o)
                              platform/common/menu_pico.o (__gcov_ior_profiler)
/opt/miyoo/lib/gcc/arm-miyoo-linux-uclibcgnueabi/7.3.0/libgcov.a(_gcov_indirect_call_profiler_v2.o)
                              platform/linux/emu.o (__gcov_indirect_call_profiler_v2)
/opt/miyoo/lib/gcc/arm-miyoo-linux-uclibcgnueabi/7.3.0/libgcov.a(_gcov_time_profiler.o)
                              platform/linux/emu.o (__gcov_time_profiler_counter)
/opt/miyoo/lib/gcc/arm-miyoo-linux-uclibcgnueabi/7.3.0/libgcov.a(_gcov.o)
                              /opt/miyoo/lib/gcc/arm-miyoo-linux-uclibcgnueabi/7.3.0/libgcov.a(_gcov_merge_add.o) (__gcov_read_counter)
/opt/miyoo/lib/gcc/arm-miyoo-linux-uclibcgnueabi/7.3.0/libgcc.a(_udivsi3.o)
                              pico/cd/gfx.o (__aeabi_uidiv)
/opt/miyoo/lib/gcc/arm-miyoo-linux-uclibcgnueabi/7.3.0/libgcc.a(_divsi3.o)
                              platform/common/menu_pico.o (__aeabi_idiv)
/opt/miyoo/lib/gcc/arm-miyoo-linux-uclibcgnueabi/7.3.0/libgcc.a(_arm_addsubdf3.o)
                              pico/sound/ym2612.o (__aeabi_dadd)
/opt/miyoo/lib/gcc/arm-miyoo-linux-uclibcgnueabi/7.3.0/libgcc.a(_arm_muldivdf3.o)
                              pico/memory.o (__aeabi_dmul)
/opt/miyoo/lib/gcc/arm-miyoo-linux-uclibcgnueabi/7.3.0/libgcc.a(_arm_cmpdf2.o)
                              pico/sound/ym2612.o (__aeabi_dcmpgt)
/opt/miyoo/lib/gcc/arm-miyoo-linux-uclibcgnueabi/7.3.0/libgcc.a(_arm_fixdfsi.o)
                              pico/memory.o (__aeabi_d2iz)
/opt/miyoo/lib/gcc/arm-miyoo-linux-uclibcgnueabi/7.3.0/libgcc.a(_arm_fixunsdfsi.o)
                              pico/sound/sn76496.o (__aeabi_d2uiz)
/opt/miyoo/lib/gcc/arm-miyoo-linux-uclibcgnueabi/7.3.0/libgcc.a(_arm_truncdfsf2.o)
                              platform/common/config_file.o (__aeabi_d2f)
/opt/miyoo/lib/gcc/arm-miyoo-linux-uclibcgnueabi/7.3.0/libgcc.a(_arm_addsubsf3.o)
                              platform/common/plat_sdl.o (__aeabi_fadd)
/opt/miyoo/lib/gcc/arm-miyoo-linux-uclibcgnueabi/7.3.0/libgcc.a(_arm_muldivsf3.o)
                              platform/common/plat_sdl.o (__aeabi_fmul)
/opt/miyoo/lib/gcc/arm-miyoo-linux-uclibcgnueabi/7.3.0/libgcc.a(_arm_fixsfsi.o)
                              platform/common/plat_sdl.o (__aeabi_f2iz)
/opt/miyoo/lib/gcc/arm-miyoo-linux-uclibcgnueabi/7.3.0/libgcc.a(_aeabi_ldivmod.o)
                              pico/32x/sh2soc.o (__aeabi_ldivmod)
/opt/miyoo/lib/gcc/arm-miyoo-linux-uclibcgnueabi/7.3.0/libgcc.a(_dvmd_lnx.o)
                              /opt/miyoo/lib/gcc/arm-miyoo-linux-uclibcgnueabi/7.3.0/libgcc.a(_aeabi_ldivmod.o) (__aeabi_ldiv0)
/opt/miyoo/lib/gcc/arm-miyoo-linux-uclibcgnueabi/7.3.0/libgcc.a(_popcountsi2.o)
                              /opt/miyoo/lib/gcc/arm-miyoo-linux-uclibcgnueabi/7.3.0/libgcov.a(_gcov.o) (__popcountsi2)
/opt/miyoo/lib/gcc/arm-miyoo-linux-uclibcgnueabi/7.3.0/libgcc.a(_udivmoddi4.o)
                              /opt/miyoo/lib/gcc/arm-miyoo-linux-uclibcgnueabi/7.3.0/libgcc.a(_aeabi_ldivmod.o) (__udivmoddi4)

As-needed library included to satisfy reference by file (symbol)

ld-uClibc.so.1                /opt/miyoo/lib/gcc/arm-miyoo-linux-uclibcgnueabi/7.3.0/libgcov.a(_gcov_indirect_call_profiler_v2.o) (__tls_get_addr)

Allocating common symbols
Common symbol       size              file

DrawLineDestIncrement
                    0x4               pico/draw.o
g_autostateld_opt   0x4               platform/common/menu_pico.o
drZ80               0x7c              pico/z80if.o
[...]
Memory Configuration

Name             Origin             Length             Attributes
*default*        0x0000000000000000 0xffffffffffffffff

Linker script and memory map

LOAD /opt/miyoo/arm-miyoo-linux-uclibcgnueabi/sysroot/usr/lib/crt1.o
LOAD /opt/miyoo/arm-miyoo-linux-uclibcgnueabi/sysroot/usr/lib/crti.o
LOAD /opt/miyoo/lib/gcc/arm-miyoo-linux-uclibcgnueabi/7.3.0/crtbegin.o
LOAD platform/opendingux/inputmap.o
LOAD platform/linux/emu.o
LOAD platform/linux/blit.o
LOAD platform/common/plat_sdl.o
LOAD platform/libpicofe/plat_sdl.o
LOAD platform/libpicofe/in_sdl.o
LOAD platform/libpicofe/plat_dummy.o
LOAD platform/common/main.o
LOAD platform/common/emu.o
LOAD platform/common/menu_pico.o
LOAD platform/common/config_file.o
LOAD platform/libpicofe/input.o
LOAD platform/libpicofe/readpng.o
LOAD platform/libpicofe/fonts.o
LOAD platform/libpicofe/linux/in_evdev.o
LOAD platform/libpicofe/linux/plat.o
LOAD platform/libpicofe/sndout.o
LOAD platform/libpicofe/sndout_sdl.o
LOAD platform/libpicofe/arm_linux.o
LOAD platform/common/mp3.o
LOAD platform/common/mp3_dummy.o
LOAD unzip/unzip.o
LOAD pico/draw_arm.o
LOAD pico/draw2_arm.o
LOAD pico/memory_arm.o
LOAD pico/sound/ym2612_arm.o
LOAD pico/misc_arm.o
LOAD pico/cd/misc_arm.o
LOAD pico/cd/memory_arm.o
LOAD pico/sound/mix_arm.o
LOAD pico/pico.o
LOAD pico/cart.o
LOAD pico/memory.o
LOAD pico/state.o
LOAD pico/sek.o
LOAD pico/z80if.o
LOAD pico/videoport.o
LOAD pico/draw2.o
LOAD pico/draw.o
LOAD pico/mode4.o
LOAD pico/misc.o
LOAD pico/eeprom.o
LOAD pico/patch.o
LOAD pico/debug.o
LOAD pico/media.o
LOAD pico/sms.o
LOAD pico/cd/mcd.o
LOAD pico/cd/memory.o
LOAD pico/cd/sek.o
LOAD pico/cd/cdc.o
LOAD pico/cd/cdd.o
LOAD pico/cd/cd_image.o
LOAD pico/cd/cue.o
LOAD pico/cd/gfx.o
LOAD pico/cd/gfx_dma.o
LOAD pico/cd/misc.o
LOAD pico/cd/pcm.o
LOAD pico/32x/32x.o
LOAD pico/32x/memory.o
LOAD pico/32x/draw.o
LOAD pico/32x/sh2soc.o
LOAD pico/32x/pwm.o
LOAD pico/pico/pico.o
LOAD pico/pico/memory.o
LOAD pico/pico/xpcm.o
LOAD pico/carthw/carthw.o
LOAD pico/carthw/eeprom_spi.o
LOAD pico/carthw/svp/svp.o
LOAD pico/carthw/svp/memory.o
LOAD pico/carthw/svp/ssp16.o
LOAD pico/carthw/svp/stub_arm.o
LOAD pico/carthw/svp/compiler.o
LOAD pico/sound/sound.o
LOAD pico/sound/sn76496.o
LOAD pico/sound/ym2612.o
LOAD cpu/fame/famec.o
LOAD cpu/DrZ80/drz80.o
LOAD cpu/drc/cmn.o
LOAD cpu/sh2/sh2.o
LOAD cpu/sh2/compiler.o
LOAD cpu/sh2/mame/sh2pico.o
LOAD /opt/miyoo/arm-miyoo-linux-uclibcgnueabi/sysroot/usr/lib/libSDL.so
LOAD /opt/miyoo/arm-miyoo-linux-uclibcgnueabi/sysroot/usr/lib/libpthread.a
LOAD /opt/miyoo/arm-miyoo-linux-uclibcgnueabi/sysroot/usr/lib/libpng.so
LOAD /opt/miyoo/arm-miyoo-linux-uclibcgnueabi/sysroot/usr/lib/libm.a
LOAD /opt/miyoo/arm-miyoo-linux-uclibcgnueabi/sysroot/usr/lib/libz.so
LOAD /opt/miyoo/lib/gcc/arm-miyoo-linux-uclibcgnueabi/7.3.0/libgcov.a
LOAD /opt/miyoo/lib/gcc/arm-miyoo-linux-uclibcgnueabi/7.3.0/libgcc.a
LOAD /opt/miyoo/lib/gcc/arm-miyoo-linux-uclibcgnueabi/7.3.0/../../../../arm-miyoo-linux-uclibcgnueabi/lib/libgcc_s.so
START GROUP
LOAD /opt/miyoo/lib/gcc/arm-miyoo-linux-uclibcgnueabi/7.3.0/../../../../arm-miyoo-linux-uclibcgnueabi/lib/libgcc_s.so.1
LOAD /opt/miyoo/lib/gcc/arm-miyoo-linux-uclibcgnueabi/7.3.0/libgcc.a
END GROUP
LOAD /opt/miyoo/arm-miyoo-linux-uclibcgnueabi/sysroot/usr/lib/libc.so
START GROUP
LOAD /opt/miyoo/arm-miyoo-linux-uclibcgnueabi/sysroot/lib/libc.so.1
LOAD /opt/miyoo/arm-miyoo-linux-uclibcgnueabi/sysroot/usr/lib/uclibc_nonshared.a
LOAD /opt/miyoo/arm-miyoo-linux-uclibcgnueabi/sysroot/usr/lib/libpthread_nonshared.a
LOAD /opt/miyoo/arm-miyoo-linux-uclibcgnueabi/sysroot/lib/ld-uClibc.so.1
END GROUP
LOAD /opt/miyoo/lib/gcc/arm-miyoo-linux-uclibcgnueabi/7.3.0/libgcc.a
LOAD /opt/miyoo/lib/gcc/arm-miyoo-linux-uclibcgnueabi/7.3.0/../../../../arm-miyoo-linux-uclibcgnueabi/lib/libgcc_s.so
START GROUP
LOAD /opt/miyoo/lib/gcc/arm-miyoo-linux-uclibcgnueabi/7.3.0/../../../../arm-miyoo-linux-uclibcgnueabi/lib/libgcc_s.so.1
LOAD /opt/miyoo/lib/gcc/arm-miyoo-linux-uclibcgnueabi/7.3.0/libgcc.a
END GROUP
LOAD /opt/miyoo/lib/gcc/arm-miyoo-linux-uclibcgnueabi/7.3.0/crtend.o
LOAD /opt/miyoo/arm-miyoo-linux-uclibcgnueabi/sysroot/usr/lib/crtn.o
                [!provide]                        PROVIDE (__executable_start = SEGMENT_START ("text-segment", 0x10000))
                0x0000000000010154                . = (SEGMENT_START ("text-segment", 0x10000) + SIZEOF_HEADERS)

.interp         0x0000000000010154       0x14
 *(.interp)
 .interp        0x0000000000010154       0x14 /opt/miyoo/arm-miyoo-linux-uclibcgnueabi/sysroot/usr/lib/crt1.o

.note.gnu.build-id
 *(.note.gnu.build-id)

.hash           0x0000000000010168      0x4c4
 *(.hash)
 .hash          0x0000000000010168      0x4c4 /opt/miyoo/arm-miyoo-linux-uclibcgnueabi/sysroot/usr/lib/crt1.o

.gnu.hash       0x000000000001062c      0x538
 *(.gnu.hash)
 .gnu.hash      0x000000000001062c      0x538 /opt/miyoo/arm-miyoo-linux-uclibcgnueabi/sysroot/usr/lib/crt1.o

.dynsym         0x0000000000010b64      0xac0
 *(.dynsym)
 .dynsym        0x0000000000010b64      0xac0 /opt/miyoo/arm-miyoo-linux-uclibcgnueabi/sysroot/usr/lib/crt1.o

.dynstr         0x0000000000011624      0x708
 *(.dynstr)
 .dynstr        0x0000000000011624      0x708 /opt/miyoo/arm-miyoo-linux-uclibcgnueabi/sysroot/usr/lib/crt1.o

.gnu.version    0x0000000000011d2c      0x158
 *(.gnu.version)
 .gnu.version   0x0000000000011d2c      0x158 /opt/miyoo/arm-miyoo-linux-uclibcgnueabi/sysroot/usr/lib/crt1.o

.gnu.version_d  0x0000000000011e84        0x0
 *(.gnu.version_d)
 .gnu.version_d
                0x0000000000011e84        0x0 /opt/miyoo/arm-miyoo-linux-uclibcgnueabi/sysroot/usr/lib/crt1.o

.gnu.version_r  0x0000000000011e84       0x20
 *(.gnu.version_r)
 .gnu.version_r
                0x0000000000011e84       0x20 /opt/miyoo/arm-miyoo-linux-uclibcgnueabi/sysroot/usr/lib/crt1.o

.rel.dyn        0x0000000000011ea4       0x18
 *(.rel.init)
 *(.rel.text .rel.text.* .rel.gnu.linkonce.t.*)
 *(.rel.fini)
 *(.rel.rodata .rel.rodata.* .rel.gnu.linkonce.r.*)
 *(.rel.data.rel.ro .rel.data.rel.ro.* .rel.gnu.linkonce.d.rel.ro.*)
 .rel.data.rel.ro
                0x0000000000011ea4        0x0 /opt/miyoo/arm-miyoo-linux-uclibcgnueabi/sysroot/usr/lib/crt1.o
 *(.rel.data .rel.data.* .rel.gnu.linkonce.d.*)
 *(.rel.tdata .rel.tdata.* .rel.gnu.linkonce.td.*)
 *(.rel.tbss .rel.tbss.* .rel.gnu.linkonce.tb.*)
 *(.rel.ctors)
 *(.rel.dtors)
 *(.rel.got)
 .rel.got       0x0000000000011ea4        0x8 /opt/miyoo/arm-miyoo-linux-uclibcgnueabi/sysroot/usr/lib/crt1.o
 *(.rel.bss .rel.bss.* .rel.gnu.linkonce.b.*)
 .rel.bss       0x0000000000011eac       0x10 /opt/miyoo/arm-miyoo-linux-uclibcgnueabi/sysroot/usr/lib/crt1.o
                [!provide]                        PROVIDE (__rel_iplt_start = .)
 *(.rel.iplt)
 .rel.iplt      0x0000000000011ebc        0x0 /opt/miyoo/arm-miyoo-linux-uclibcgnueabi/sysroot/usr/lib/crt1.o
                [!provide]                        PROVIDE (__rel_iplt_end = .)

.rela.dyn       0x0000000000011ebc        0x0
 *(.rela.init)
 *(.rela.text .rela.text.* .rela.gnu.linkonce.t.*)
 *(.rela.fini)
 *(.rela.rodata .rela.rodata.* .rela.gnu.linkonce.r.*)
 *(.rela.data .rela.data.* .rela.gnu.linkonce.d.*)
 *(.rela.tdata .rela.tdata.* .rela.gnu.linkonce.td.*)
 *(.rela.tbss .rela.tbss.* .rela.gnu.linkonce.tb.*)
 *(.rela.ctors)
 *(.rela.dtors)
 *(.rela.got)
 *(.rela.bss .rela.bss.* .rela.gnu.linkonce.b.*)
                [!provide]                        PROVIDE (__rela_iplt_start = .)
 *(.rela.iplt)
                [!provide]                        PROVIDE (__rela_iplt_end = .)

.rel.plt        0x0000000000011ebc      0x4f0
 *(.rel.plt)
 .rel.plt       0x0000000000011ebc      0x4f0 /opt/miyoo/arm-miyoo-linux-uclibcgnueabi/sysroot/usr/lib/crt1.o

.rela.plt
 *(.rela.plt)

.init           0x00000000000123ac       0x10
 *(SORT_NONE(.init))
 .init          0x00000000000123ac        0xc /opt/miyoo/arm-miyoo-linux-uclibcgnueabi/sysroot/usr/lib/crti.o
                0x00000000000123ac                _init
 .init          0x00000000000123b8        0x4 /opt/miyoo/arm-miyoo-linux-uclibcgnueabi/sysroot/usr/lib/crtn.o

.plt            0x00000000000123bc      0x77c
 *(.plt)
 .plt           0x00000000000123bc      0x77c /opt/miyoo/arm-miyoo-linux-uclibcgnueabi/sysroot/usr/lib/crt1.o
                0x00000000000123d0                opendir
                0x00000000000123dc                SDL_JoystickOpen
                0x00000000000123e8                fdopen
                0x00000000000123f4                SDL_UnlockSurface
                0x0000000000012400                memcmp
                0x000000000001240c                qsort
                0x0000000000012418                ioctl
                0x0000000000012424                png_set_IHDR@@PNG16_0
                0x0000000000012430                remove
                0x000000000001243c                abort
                0x0000000000012448                gzclose
                0x0000000000012454                png_create_write_struct@@PNG16_0
                0x0000000000012460                realloc
                0x000000000001246c                __uClibc_main
                0x0000000000012478                SDL_WM_SetCaption
                0x0000000000012484                sscanf
                0x0000000000012490                gettimeofday
                0x000000000001249c                SDL_DisplayYUVOverlay
                0x00000000000124a8                SDL_JoystickName
                0x00000000000124b4                SDL_Quit
                0x00000000000124c0                inflate
                0x00000000000124cc                SDL_Delay
                0x00000000000124d8                access
                0x00000000000124e4                SDL_GetError
                0x00000000000124f0                SDL_Flip
                0x00000000000124fc                snprintf
                0x0000000000012508                png_write_info@@PNG16_0
                0x0000000000012514                png_set_longjmp_fn@@PNG16_0
                0x000000000001252c                getpid
                0x0000000000012538                strcmp
                0x0000000000012544                time
                0x0000000000012550                SDL_JoystickClose
                0x000000000001255c                inflateReset
                0x0000000000012568                gzeof
                0x0000000000012574                inflateInit2_
                0x0000000000012580                memset
                0x000000000001258c                stpcpy
                0x0000000000012598                SDL_QuitSubSystem
                0x00000000000125a4                alphasort
                0x00000000000125b0                png_destroy_write_struct@@PNG16_0
                0x00000000000125bc                malloc
                0x00000000000125c8                getcwd
                0x00000000000125d4                fcntl64
                0x00000000000125e0                memmove
                0x00000000000125ec                SDL_VideoDriverName
                0x00000000000125f8                gzread
                0x0000000000012604                strcat
                0x0000000000012610                rand
                0x000000000001261c                fflush
                0x0000000000012628                log
                0x0000000000012634                strncmp
                0x0000000000012640                strcpy
                0x000000000001264c                strrchr
                0x0000000000012658                fstat
                0x0000000000012664                closedir
                0x0000000000012670                fclose
                0x000000000001267c                strdup
                0x0000000000012688                sleep
                0x0000000000012694                open
                0x00000000000126a0                pow
                0x00000000000126ac                png_read_png@@PNG16_0
                0x00000000000126b8                SDL_PauseAudio
                0x00000000000126c4                strstr
                0x00000000000126d0                SDL_NumJoysticks
                0x00000000000126dc                vfprintf
                0x00000000000126e8                png_get_rows@@PNG16_0
                0x00000000000126f4                munmap
                0x0000000000012700                png_destroy_read_struct@@PNG16_0
                0x000000000001270c                perror
                0x0000000000012718                strchr
                0x0000000000012724                strncasecmp
                0x0000000000012730                png_get_image_height@@PNG16_0
                0x000000000001273c                rewind
                0x0000000000012748                ftell
                0x0000000000012754                SDL_JoystickEventState
                0x0000000000012760                SDL_PushEvent
                0x000000000001276c                png_create_info_struct@@PNG16_0
                0x0000000000012778                printf
                0x0000000000012784                SDL_CloseAudio
                0x0000000000012790                fopen64
                0x000000000001279c                mremap
                0x00000000000127a8                fwrite
                0x00000000000127b4                SDL_LockYUVOverlay
                0x00000000000127c0                readlink
                0x00000000000127cc                strncpy
                0x00000000000127d8                putchar
                0x00000000000127e4                png_get_bit_depth@@PNG16_0
                0x00000000000127fc                exit
                0x0000000000012808                raise
                0x0000000000012814                png_write_end@@PNG16_0
                0x0000000000012820                png_write_image@@PNG16_0
                0x000000000001282c                fprintf
                0x0000000000012838                vprintf
                0x0000000000012844                gzsetparams
                0x0000000000012850                floor
                0x000000000001285c                SDL_CreateYUVOverlay
                0x0000000000012868                fgets
                0x0000000000012874                inflateEnd
                0x0000000000012880                strncat
                0x000000000001288c                strtoul
                0x0000000000012898                fread
                0x00000000000128a4                close
                0x00000000000128b0                gmtime
                0x00000000000128bc                SDL_Init
                0x00000000000128c8                setlocale
                0x00000000000128d4                sin
                0x00000000000128e0                calloc
                0x00000000000128ec                png_get_image_width@@PNG16_0
                0x00000000000128f8                setbuf
                0x0000000000012904                read
                0x0000000000012910                gzwrite
                0x000000000001291c                SDL_UnlockYUVOverlay
                0x0000000000012928                SDL_FreeYUVOverlay
                0x0000000000012934                SDL_SetVideoMode
                0x0000000000012940                __errno_location
                0x000000000001294c                mkdir
                0x0000000000012958                fcntl
                0x0000000000012964                SDL_InitSubSystem
                0x0000000000012970                __tls_get_addr
                0x000000000001297c                vsnprintf
                0x0000000000012988                SDL_LockSurface
                0x0000000000012994                localtime
                0x00000000000129a0                gzseek
                0x00000000000129ac                mprotect
                0x00000000000129b8                feof
                0x00000000000129c4                crc32
                0x00000000000129d0                atof
                0x00000000000129dc                png_init_io@@PNG16_0
                0x00000000000129e8                free
                0x00000000000129f4                strftime
                0x0000000000012a00                atoi
                0x0000000000012a0c                stat
                0x0000000000012a18                _setjmp
                0x0000000000012a24                png_create_read_struct@@PNG16_0
                0x0000000000012a30                puts
                0x0000000000012a3c                fopen
                0x0000000000012a48                longjmp
                0x0000000000012a54                SDL_PeepEvents
                0x0000000000012a60                select
                0x0000000000012a6c                fileno
                0x0000000000012a78                SDL_GetVideoInfo
                0x0000000000012a84                __aeabi_read_tp
                0x0000000000012a90                sprintf
                0x0000000000012a9c                getenv
                0x0000000000012aa8                open64
                0x0000000000012ab4                memcpy
                0x0000000000012ac0                strlen
                0x0000000000012acc                scandir
                0x0000000000012ad8                strtol
                0x0000000000012ae4                usleep
                0x0000000000012af0                mmap
                0x0000000000012afc                fseek
                0x0000000000012b08                strcasecmp
                0x0000000000012b14                SDL_OpenAudio
                0x0000000000012b20                gzopen
                0x0000000000012b2c                SDL_PumpEvents

.iplt           0x0000000000012b38        0x0
 *(.iplt)
 .iplt          0x0000000000012b38        0x0 /opt/miyoo/arm-miyoo-linux-uclibcgnueabi/sysroot/usr/lib/crt1.o

.text           0x0000000000012b40   0x198ef0
 *(.text.unlikely .text.*_unlikely .text.unlikely.*)
 .text.unlikely
                0x0000000000012b40      0x288 pico/cart.o
 .text.unlikely
                0x0000000000012dc8      0x170 cpu/fame/famec.o
 .text.unlikely
                0x0000000000012f38       0xf4 cpu/sh2/compiler.o
 *(.text.exit .text.exit.*)
 .text.exit     0x000000000001302c        0x4 platform/linux/emu.o
 .text.exit     0x0000000000013030        0x4 platform/linux/blit.o
 .text.exit     0x0000000000013034        0x4 platform/common/plat_sdl.o
 .text.exit     0x0000000000013038        0x4 platform/libpicofe/plat_sdl.o
 .text.exit     0x000000000001303c        0x4 platform/libpicofe/in_sdl.o
 .text.exit     0x0000000000013040        0x4 platform/libpicofe/plat_dummy.o
 .text.exit     0x0000000000013044        0x4 platform/common/main.o
 .text.exit     0x0000000000013048        0x4 platform/common/emu.o
 .text.exit     0x000000000001304c        0x4 platform/common/menu_pico.o
 .text.exit     0x0000000000013050        0x4 platform/common/config_file.o
 .text.exit     0x0000000000013054        0x4 platform/libpicofe/input.o
 .text.exit     0x0000000000013058        0x4 platform/libpicofe/readpng.o
 .text.exit     0x000000000001305c        0x4 platform/libpicofe/fonts.o
 .text.exit     0x0000000000013060        0x4 platform/libpicofe/linux/in_evdev.o
 .text.exit     0x0000000000013064        0x4 platform/libpicofe/linux/plat.o
 .text.exit     0x0000000000013068        0x4 platform/libpicofe/sndout.o
 .text.exit     0x000000000001306c        0x4 platform/libpicofe/sndout_sdl.o
 .text.exit     0x0000000000013070        0x4 platform/common/mp3.o
 .text.exit     0x0000000000013074        0x4 platform/common/mp3_dummy.o
 .text.exit     0x0000000000013078        0x4 unzip/unzip.o
 .text.exit     0x000000000001307c        0x4 pico/pico.o
 .text.exit     0x0000000000013080        0x4 pico/cart.o
 .text.exit     0x0000000000013084        0x4 pico/memory.o
 .text.exit     0x0000000000013088        0x4 pico/state.o
 .text.exit     0x000000000001308c        0x4 pico/sek.o
 .text.exit     0x0000000000013090        0x4 pico/z80if.o
 .text.exit     0x0000000000013094        0x4 pico/videoport.o
 .text.exit     0x0000000000013098        0x4 pico/draw2.o
 .text.exit     0x000000000001309c        0x4 pico/draw.o
 .text.exit     0x00000000000130a0        0x4 pico/mode4.o
 .text.exit     0x00000000000130a4        0x4 pico/eeprom.o
 .text.exit     0x00000000000130a8        0x4 pico/patch.o
 .text.exit     0x00000000000130ac        0x4 pico/debug.o
 .text.exit     0x00000000000130b0        0x4 pico/media.o
 .text.exit     0x00000000000130b4        0x4 pico/sms.o
 .text.exit     0x00000000000130b8        0x4 pico/cd/mcd.o
 .text.exit     0x00000000000130bc        0x4 pico/cd/memory.o
 .text.exit     0x00000000000130c0        0x4 pico/cd/sek.o
 .text.exit     0x00000000000130c4        0x4 pico/cd/cdc.o
 .text.exit     0x00000000000130c8        0x4 pico/cd/cdd.o
 .text.exit     0x00000000000130cc        0x4 pico/cd/cd_image.o
 .text.exit     0x00000000000130d0        0x4 pico/cd/cue.o
 .text.exit     0x00000000000130d4        0x4 pico/cd/gfx.o
 .text.exit     0x00000000000130d8        0x4 pico/cd/gfx_dma.o
 .text.exit     0x00000000000130dc        0x4 pico/cd/pcm.o
 .text.exit     0x00000000000130e0        0x4 pico/32x/32x.o
 .text.exit     0x00000000000130e4        0x4 pico/32x/memory.o
 .text.exit     0x00000000000130e8        0x4 pico/32x/draw.o
 .text.exit     0x00000000000130ec        0x4 pico/32x/sh2soc.o
 .text.exit     0x00000000000130f0        0x4 pico/32x/pwm.o
 .text.exit     0x00000000000130f4        0x4 pico/pico/pico.o
 .text.exit     0x00000000000130f8        0x4 pico/pico/memory.o
 .text.exit     0x00000000000130fc        0x4 pico/pico/xpcm.o
 .text.exit     0x0000000000013100        0x4 pico/carthw/carthw.o
 .text.exit     0x0000000000013104        0x4 pico/carthw/eeprom_spi.o
 .text.exit     0x0000000000013108        0x4 pico/carthw/svp/svp.o
 .text.exit     0x000000000001310c        0x4 pico/carthw/svp/memory.o
 .text.exit     0x0000000000013110        0x4 pico/carthw/svp/ssp16.o
 .text.exit     0x0000000000013114        0x4 pico/carthw/svp/compiler.o
 .text.exit     0x0000000000013118        0x4 pico/sound/sound.o
 .text.exit     0x000000000001311c        0x4 pico/sound/sn76496.o
 .text.exit     0x0000000000013120        0x4 pico/sound/ym2612.o
 .text.exit     0x0000000000013124        0x4 cpu/fame/famec.o
 .text.exit     0x0000000000013128        0x4 cpu/drc/cmn.o
 .text.exit     0x000000000001312c        0x4 cpu/sh2/sh2.o
 .text.exit     0x0000000000013130        0x4 cpu/sh2/compiler.o
 .text.exit     0x0000000000013134        0x4 cpu/sh2/mame/sh2pico.o
 *(.text.startup .text.startup.*)
 .text.startup  0x0000000000013138        0xc platform/linux/emu.o
 .text.startup  0x0000000000013144        0xc platform/linux/blit.o
 .text.startup  0x0000000000013150        0xc platform/common/plat_sdl.o
 .text.startup  0x000000000001315c        0xc platform/libpicofe/plat_sdl.o
 .text.startup  0x0000000000013168        0xc platform/libpicofe/in_sdl.o
 .text.startup  0x0000000000013174        0xc platform/libpicofe/plat_dummy.o
 .text.startup  0x0000000000013180      0x468 platform/common/main.o
                0x0000000000013180                main
 .text.startup  0x00000000000135e8        0xc platform/common/emu.o
 .text.startup  0x00000000000135f4        0xc platform/common/menu_pico.o
 .text.startup  0x0000000000013600        0xc platform/common/config_file.o
 .text.startup  0x000000000001360c        0xc platform/libpicofe/input.o
 .text.startup  0x0000000000013618        0xc platform/libpicofe/readpng.o
 .text.startup  0x0000000000013624        0xc platform/libpicofe/fonts.o
 .text.startup  0x0000000000013630        0xc platform/libpicofe/linux/in_evdev.o
 .text.startup  0x000000000001363c        0xc platform/libpicofe/linux/plat.o
 .text.startup  0x0000000000013648        0xc platform/libpicofe/sndout.o
 .text.startup  0x0000000000013654        0xc platform/libpicofe/sndout_sdl.o
 .text.startup  0x0000000000013660        0xc platform/common/mp3.o
 .text.startup  0x000000000001366c        0xc platform/common/mp3_dummy.o
 .text.startup  0x0000000000013678        0xc unzip/unzip.o
 .text.startup  0x0000000000013684        0xc pico/pico.o
 .text.startup  0x0000000000013690        0xc pico/cart.o
 .text.startup  0x000000000001369c        0xc pico/memory.o
 .text.startup  0x00000000000136a8        0xc pico/state.o
 .text.startup  0x00000000000136b4        0xc pico/sek.o
 .text.startup  0x00000000000136c0        0xc pico/z80if.o
 .text.startup  0x00000000000136cc        0xc pico/videoport.o
 .text.startup  0x00000000000136d8        0xc pico/draw2.o
 .text.startup  0x00000000000136e4        0xc pico/draw.o
 .text.startup  0x00000000000136f0        0xc pico/mode4.o
 .text.startup  0x00000000000136fc        0xc pico/eeprom.o
 .text.startup  0x0000000000013708        0xc pico/patch.o
 .text.startup  0x0000000000013714        0xc pico/debug.o
 .text.startup  0x0000000000013720        0xc pico/media.o
 .text.startup  0x000000000001372c        0xc pico/sms.o
 .text.startup  0x0000000000013738        0xc pico/cd/mcd.o
 .text.startup  0x0000000000013744        0xc pico/cd/memory.o
 .text.startup  0x0000000000013750        0xc pico/cd/sek.o
 .text.startup  0x000000000001375c        0xc pico/cd/cdc.o
 .text.startup  0x0000000000013768        0xc pico/cd/cdd.o
 .text.startup  0x0000000000013774        0xc pico/cd/cd_image.o
 .text.startup  0x0000000000013780        0xc pico/cd/cue.o
 .text.startup  0x000000000001378c        0xc pico/cd/gfx.o
 .text.startup  0x0000000000013798        0xc pico/cd/gfx_dma.o
 .text.startup  0x00000000000137a4        0xc pico/cd/pcm.o
 .text.startup  0x00000000000137b0        0xc pico/32x/32x.o
 .text.startup  0x00000000000137bc        0xc pico/32x/memory.o
 .text.startup  0x00000000000137c8        0xc pico/32x/draw.o
 .text.startup  0x00000000000137d4        0xc pico/32x/sh2soc.o
 .text.startup  0x00000000000137e0        0xc pico/32x/pwm.o
 .text.startup  0x00000000000137ec        0xc pico/pico/pico.o
 .text.startup  0x00000000000137f8        0xc pico/pico/memory.o
 .text.startup  0x0000000000013804        0xc pico/pico/xpcm.o
 .text.startup  0x0000000000013810        0xc pico/carthw/carthw.o
 .text.startup  0x000000000001381c        0xc pico/carthw/eeprom_spi.o
 .text.startup  0x0000000000013828        0xc pico/carthw/svp/svp.o
 .text.startup  0x0000000000013834        0xc pico/carthw/svp/memory.o
 .text.startup  0x0000000000013840        0xc pico/carthw/svp/ssp16.o
 .text.startup  0x000000000001384c        0xc pico/carthw/svp/compiler.o
 .text.startup  0x0000000000013858        0xc pico/sound/sound.o
 .text.startup  0x0000000000013864        0xc pico/sound/sn76496.o
 .text.startup  0x0000000000013870        0xc pico/sound/ym2612.o
 .text.startup  0x000000000001387c        0xc cpu/fame/famec.o
 .text.startup  0x0000000000013888        0xc cpu/drc/cmn.o
 .text.startup  0x0000000000013894        0xc cpu/sh2/sh2.o
 .text.startup  0x00000000000138a0        0xc cpu/sh2/compiler.o
 .text.startup  0x00000000000138ac        0xc cpu/sh2/mame/sh2pico.o
 *(.text.hot .text.hot.*)
 *(.text .stub .text.* .gnu.linkonce.t.*)
 .text          0x00000000000138b8       0x3c /opt/miyoo/arm-miyoo-linux-uclibcgnueabi/sysroot/usr/lib/crt1.o
                0x00000000000138b8                _start
 .text          0x00000000000138f4        0x0 /opt/miyoo/arm-miyoo-linux-uclibcgnueabi/sysroot/usr/lib/crti.o
 .text          0x00000000000138f4       0xdc /opt/miyoo/lib/gcc/arm-miyoo-linux-uclibcgnueabi/7.3.0/crtbegin.o
 .text          0x00000000000139d0        0x0 platform/opendingux/inputmap.o
 .text          0x00000000000139d0     0x1438 platform/linux/emu.o
                0x00000000000139d0                plat_mem_get_for_drc
                0x0000000000013a50                plat_wait_till_us
                0x0000000000013b38                emu_video_mode_change
                0x0000000000013bfc                plat_debug_cat
                0x0000000000013c78                pemu_sound_start
                0x0000000000013d08                pemu_forced_frame
                0x0000000000013e18                plat_update_volume
                0x0000000000013e98                plat_status_msg_clear
                0x0000000000013f6c                plat_video_toggle_renderer
                0x0000000000014270                pemu_finalize_frame
                0x00000000000146e4                pemu_validate_config
                0x0000000000014760                pemu_prep_defconfig
                0x00000000000147e0                plat_status_msg_busy_next
                0x0000000000014998                plat_status_msg_busy_first
                0x0000000000014a30                pemu_loop_end
                0x0000000000014bbc                pemu_loop_prep
 .text          0x0000000000014e08      0x5a0 platform/linux/blit.o
                0x0000000000014e08                rotated_blit16
                0x0000000000014e88                rotated_blit8
                0x0000000000014f08                vidcpy_m2_rot
                0x0000000000014f88                vidcpy_m2
                0x00000000000151a8                bgr444_to_rgb32_sh
                0x00000000000152d8                bgr444_to_rgb32
 .text          0x00000000000153a8     0x1228 platform/common/plat_sdl.o
                0x00000000000153a8                plat_finish
                0x00000000000154e0                plat_early_init
                0x0000000000015560                plat_video_loop_prepare
                0x0000000000015700                plat_video_menu_leave
                0x0000000000015780                plat_video_menu_begin
                0x00000000000158cc                plat_video_menu_enter
                0x000000000001598c                plat_video_wait_vsync
                0x0000000000015a08                rgb565_to_uyvy
                0x0000000000015be0                plat_video_menu_end
                0x0000000000015dfc                plat_video_flip
                0x000000000001603c                bgr_to_uyvy_init
                0x0000000000016364                plat_init
 .text          0x00000000000165d0     0x1274 platform/libpicofe/plat_sdl.o
                0x00000000000165d0                plat_sdl_overlay_clear
                0x00000000000166c8                plat_sdl_finish
                0x0000000000016818                plat_sdl_change_video_mode
                0x0000000000016f14                plat_sdl_init
                0x00000000000175a0                plat_sdl_event_handler
 *fill*         0x0000000000017844        0x4 
 .text          0x0000000000017848     0x13f4 platform/libpicofe/in_sdl.o
                0x0000000000018098                in_sdl_init
 *fill*         0x0000000000018c3c        0x4 
 .text          0x0000000000018c40      0x180 platform/libpicofe/plat_dummy.o
                0x0000000000018c40                plat_target_setup_input
                0x0000000000018cc0                plat_target_finish
                0x0000000000018d40                plat_target_init
 .text          0x0000000000018dc0      0x36c platform/common/main.o
                0x0000000000018dc0                parse_cmd_line
 *fill*         0x000000000001912c        0x4 
 .text          0x0000000000019130     0x842c platform/common/emu.o
                0x00000000000197b0                emu_sound_wait
                0x0000000000019878                emu_sound_stop
                0x0000000000019940                emu_sound_start
                0x0000000000019be8                emu_cmn_forced_frame
                0x0000000000019dc8                emu_reset_game
                0x0000000000019efc                emu_text_out16_rot
                0x000000000001a350                emu_text_out8_rot
                0x000000000001a74c                emu_text_out16
                0x000000000001aaec                emu_osd_text16
                0x000000000001acac                emu_text_out8
                0x000000000001b05c                emu_set_defconfig
                0x000000000001b11c                emu_prep_defconfig
                0x000000000001b23c                emu_make_path
                0x000000000001b354                emu_swap_cd
                0x000000000001b484                emu_status_msg
                0x000000000001b5a4                run_events_pico
                0x000000000001ba7c                emu_set_fastforward
                0x000000000001bd58                emu_get_save_fname
                0x000000000001c1d4                emu_save_load_game
                0x000000000001c798                emu_update_input
                0x000000000001d2bc                emu_loop
                0x000000000001e180                emu_get_game_name
                0x000000000001e3a4                emu_32x_startup
                0x000000000001e85c                emu_finish
                0x000000000001ea00                emu_init
                0x000000000001ebb8                emu_write_config
                0x000000000001ee14                emu_read_config
                0x00000000000202c8                emu_check_save_file
                0x000000000002060c                emu_reload_rom
 *fill*         0x000000000002155c        0x4 
 .text          0x0000000000021560     0xfb24 platform/common/menu_pico.o
                0x000000000002215c                me_list_get_next
                0x00000000000223a4                me_list_get_first
                0x0000000000022438                menu_update_msg
                0x0000000000023ba4                menu_init_base
                0x0000000000024ab8                menu_romload_prepare
                0x0000000000025658                menuscreen_memset_lines
                0x00000000000268bc                text_out16
                0x0000000000029a8c                menu_romload_end
                0x000000000002ea64                menu_loop_tray
                0x000000000002fb7c                menu_init
                0x00000000000305d4                menu_loop
 *fill*         0x0000000000031084        0x4 
 .text          0x0000000000031088     0x3244 platform/common/config_file.o
                0x000000000003124c                config_get_var_val
                0x000000000003160c                config_readsect
                0x00000000000332e4                config_readlrom
                0x0000000000033624                config_writelrom
                0x00000000000339bc                config_write
 *fill*         0x00000000000342cc        0x4 
 .text          0x00000000000342d0     0x519c platform/libpicofe/input.o
                0x00000000000343e0                in_init
                0x0000000000034484                in_register_driver
                0x0000000000034c38                in_debug_dump
                0x0000000000034de4                in_clean_binds
                0x0000000000034f80                in_config_bind_key
                0x0000000000035410                in_config_parse_dev
                0x0000000000035c98                in_bind_key
                0x0000000000035f2c                in_get_key_code
                0x00000000000360ac                in_get_key_name
                0x00000000000363c0                in_name_to_id
                0x00000000000366e8                in_get_dev_name
                0x0000000000036834                in_get_config
                0x0000000000036a0c                in_get_dev_def_binds
                0x0000000000036adc                in_get_dev_binds
                0x0000000000036b8c                in_update_keycode
                0x00000000000376f4                in_set_config
                0x0000000000037ab8                in_menu_wait_any
                0x0000000000037bdc                in_menu_wait
                0x0000000000037dd8                in_update_analog
                0x0000000000037f14                in_update
                0x00000000000380ac                in_probe
                0x000000000003848c                in_combos_do
                0x00000000000388dc                in_combos_find
                0x0000000000038b74                in_unbind_all
                0x0000000000038dac                in_register
 *fill*         0x000000000003946c        0x4 
 .text          0x0000000000039470     0x1304 platform/libpicofe/readpng.o
                0x0000000000039470                writepng
                0x0000000000039970                readpng
 *fill*         0x000000000003a774        0x4 
 .text          0x000000000003a778      0xe50 platform/libpicofe/fonts.o
                0x000000000003a778                basic_text_out_uyvy_nf
                0x000000000003ae1c                basic_text_out16_nf
                0x000000000003b4ec                basic_text_out16
 .text          0x000000000003b5c8     0x2124 platform/libpicofe/linux/in_evdev.o
                0x000000000003b5c8                in_evdev_init
 *fill*         0x000000000003d6ec        0x4 
 .text          0x000000000003d6f0     0x11d0 platform/libpicofe/linux/plat.o
                0x000000000003d858                lprintf
                0x000000000003d910                plat_mem_set_exec
                0x000000000003da18                plat_munmap
                0x000000000003db88                plat_mmap
                0x000000000003debc                plat_wait_event
                0x000000000003e17c                plat_sleep_ms
                0x000000000003e220                plat_get_ticks_us
                0x000000000003e2d8                plat_get_ticks_ms
                0x000000000003e3a0                plat_get_root_dir
                0x000000000003e4f0                plat_get_skin_dir
                0x000000000003e5c4                plat_is_dir
                0x000000000003e698                plat_mremap
 .text          0x000000000003e8c0      0x468 platform/libpicofe/sndout.o
                0x000000000003e8c0                sndout_init
 .text          0x000000000003ed28      0x9cc platform/libpicofe/sndout_sdl.o
                0x000000000003ed28                sndout_sdl_exit
                0x000000000003ee10                sndout_sdl_wait
                0x000000000003ef00                sndout_sdl_stop
                0x000000000003efb0                sndout_sdl_start
                0x000000000003f1d8                sndout_sdl_init
                0x000000000003f290                sndout_sdl_write_nb
 .text          0x000000000003f6f4       0x1c platform/libpicofe/arm_linux.o
                0x000000000003f6f4                cache_flush_d_inval_i
 .text          0x000000000003f710      0xb90 platform/common/mp3.o
                0x000000000003f710                mp3_update
                0x000000000003fa54                mp3_find_sync_word
                0x000000000003fce0                mp3_start_play
                0x0000000000040098                mp3_get_bitrate
 .text          0x00000000000402a0      0x100 platform/common/mp3_dummy.o
                0x00000000000402a0                mp3dec_decode
                0x0000000000040320                mp3dec_start
 .text          0x00000000000403a0     0x1bf4 unzip/unzip.o
                0x00000000000403a0                seekcompresszip
                0x00000000000405d8                rewindzip
                0x0000000000040660                suspendzip
                0x0000000000040718                closezip
                0x00000000000407f0                readzip
                0x0000000000040b48                openzip
                0x0000000000041598                readcompresszip
                0x0000000000041940                readuncompresszip
 .text          0x0000000000041f94     0x1bb0 pico/draw_arm.o
                0x0000000000041f94                DrawLayer
                0x00000000000425c4                BackFill
                0x0000000000042630                DrawTilesFromCache
                0x0000000000042a00                DrawSpritesSHi
                0x0000000000043118                DrawAllSprites
                0x000000000004351c                DrawWindow
                0x0000000000043744                vidConvCpyRGB565
                0x00000000000437f4                PicoDoHighPal555
                0x000000000004394c                FinalizeLine555
                0x0000000000043aec                blockcpy
                0x0000000000043b0c                blockcpy_or
 .text          0x0000000000043b44     0x2230 pico/draw2_arm.o
                0x0000000000043b44                BackFillFull
                0x0000000000043bb8                DrawLayerFull
                0x00000000000445b4                DrawTilesFromCacheF
                0x0000000000044e18                DrawWindowFull
                0x000000000004554c                DrawSpriteFull
 *fill*         0x0000000000045d74        0xc 
 .text          0x0000000000045d80      0x25c pico/memory_arm.o
                0x0000000000045d80                PicoRead8_sram
                0x0000000000045dfc                PicoRead8_io
                0x0000000000045e58                PicoRead16_sram
                0x0000000000045ec0                PicoRead16_io
                0x0000000000045f24                PicoWrite8_io
                0x0000000000045f84                PicoWrite16_io
 .text          0x0000000000045fdc      0xe80 pico/sound/ym2612_arm.o
                0x0000000000045fdc                chan_render_loop
 .text          0x0000000000046e5c      0x10c pico/misc_arm.o
                0x0000000000046e5c                memcpy16bswap
                0x0000000000046f2c                memset32
 .text          0x0000000000046f68      0x108 pico/cd/misc_arm.o
                0x0000000000046f68                wram_2M_to_1M
                0x0000000000046fec                wram_1M_to_2M
 .text          0x0000000000047070      0x888 pico/cd/memory_arm.o
                0x0000000000047078                PicoReadM68k8_cell0
                0x0000000000047080                PicoReadM68k8_cell1
                0x000000000004711c                PicoRead8_mcd_io
                0x0000000000047248                PicoReadM68k16_cell0
                0x0000000000047250                PicoReadM68k16_cell1
                0x00000000000472ec                PicoRead16_mcd_io
                0x00000000000473d4                PicoWriteM68k8_cell0
                0x00000000000473dc                PicoWriteM68k8_cell1
                0x0000000000047480                PicoWrite8_mcd_io
                0x0000000000047490                PicoWriteM68k16_cell0
                0x0000000000047498                PicoWriteM68k16_cell1
                0x0000000000047538                PicoWrite16_mcd_io
                0x0000000000047574                PicoReadS68k8_dec0
                0x000000000004757c                PicoReadS68k8_dec1
                0x00000000000475a4                PicoReadS68k8_pr
                0x0000000000047658                PicoReadS68k16_dec0
                0x0000000000047660                PicoReadS68k16_dec1
                0x0000000000047688                PicoReadS68k16_pr
                0x00000000000476b0                PicoWriteS68k8_dec_m2b0
                0x00000000000476b8                PicoWriteS68k8_dec_m0b0
                0x00000000000476c0                PicoWriteS68k8_dec_m2b1
                0x00000000000476c8                PicoWriteS68k8_dec_m0b1
                0x0000000000047700                PicoWriteS68k8_dec_m1b0
                0x0000000000047708                PicoWriteS68k8_dec_m1b1
                0x000000000004774c                PicoWriteS68k8_pr
                0x00000000000477d8                PicoWriteS68k16_dec_m0b0
                0x00000000000477e0                PicoWriteS68k16_dec_m0b1
                0x0000000000047808                PicoWriteS68k16_dec_m1b0
                0x0000000000047810                PicoWriteS68k16_dec_m1b1
                0x000000000004785c                PicoWriteS68k16_dec_m2b0
                0x0000000000047864                PicoWriteS68k16_dec_m2b1
                0x00000000000478b0                PicoWriteS68k16_pr
 *fill*         0x00000000000478f8        0x8 
 .text          0x0000000000047900      0x394 pico/sound/mix_arm.o
                0x0000000000047900                mix_16h_to_32
                0x0000000000047978                mix_16h_to_32_s1
                0x00000000000479f4                mix_16h_to_32_s2
                0x0000000000047a70                mix_32_to_16l_stereo
                0x0000000000047b58                mix_32_to_16_mono
 *fill*         0x0000000000047c94        0x4 
 .text          0x0000000000047c98     0x2c50 pico/pico.o
                0x0000000000047d64                PicoGetInternal
                0x0000000000047ecc                PicoFrameDrawOnly
                0x0000000000047fb4                PicoSyncZ80
                0x00000000000480a8                CheckDMA
                0x0000000000048250                PicoLoopPrepare
                0x0000000000048338                PicoDetectRegion
                0x0000000000048654                PicoReset
                0x00000000000489e8                PicoPower
                0x0000000000048b80                PicoExit
                0x0000000000048c80                PicoInit
                0x0000000000048ee8                PicoFrame
 .text          0x000000000004a8e8     0x488c pico/cart.o
                0x000000000004c678                PicoCartUnload
                0x000000000004c814                PicoCartResize
                0x000000000004c8f0                PicoCartInsert
                0x000000000004d078                Byteswap
                0x000000000004d178                pm_close
                0x000000000004d2f8                pm_open
                0x000000000004db40                pm_read
                0x000000000004e35c                PicoCartLoad
                0x000000000004ed38                pm_seek
 *fill*         0x000000000004f174        0x4 
 .text          0x000000000004f178     0x693c pico/memory.o
                0x000000000004fccc                ym2612_pack_state
                0x000000000004ff94                ym2612_sync_timers
                0x0000000000050b08                PicoRead8_vdp
                0x00000000000513a4                ctl_write_z80reset
                0x000000000005155c                ctl_write_z80busreq
                0x00000000000516c4                io_ports_write
                0x00000000000517e0                io_ports_read
                0x000000000005194c                PicoSetInputDevice
                0x0000000000051d14                m68k_write32
                0x0000000000051e70                m68k_write16
                0x0000000000051f80                m68k_write8
                0x0000000000052098                m68k_read32
                0x00000000000521f0                m68k_read16
                0x0000000000052300                m68k_read8
                0x0000000000052408                m68k_map_unmap
                0x00000000000527d8                cpu68k_map_all_ram
                0x0000000000053178                PicoMemSetup
                0x0000000000054364                ym2612_unpack_state
                0x0000000000054ea8                z80_map_set
                0x000000000005512c                cpu68k_map_set
 *fill*         0x0000000000055ab4        0x4 
 .text          0x0000000000055ab8     0xa1c4 pico/state.o
                0x000000000005da18                PicoTmpStateRestore
                0x000000000005db84                PicoTmpStateSave
                0x000000000005dd00                PicoStateFP
                0x000000000005df88                PicoState
                0x000000000005e370                PicoStateLoadGfx
 *fill*         0x000000000005fc7c        0x4 
 .text          0x000000000005fc80      0xfd4 pico/sek.o
                0x000000000005fc80                SekFinishIdleDet
                0x000000000005fe2c                SekRegisterIdlePatch
                0x000000000005ff98                SekIsIdleCode
                0x0000000000060410                SekIsIdleReady
                0x00000000000604b0                SekInitIdleDet
                0x00000000000605a8                SekUnpackCpu
                0x00000000000606f0                SekPackCpu
                0x000000000006082c                SekSetRealTAS
                0x00000000000608a8                SekStepM68k
                0x0000000000060968                SekReset
                0x0000000000060a30                SekInit
 *fill*         0x0000000000060c54        0x4 
 .text          0x0000000000060c58      0x958 pico/z80if.o
                0x0000000000060c58                z80_debug
                0x0000000000060d08                z80_exit
                0x0000000000060d88                z80_unpack
                0x00000000000610d0                z80_pack
                0x00000000000612a8                z80_reset
                0x00000000000613a0                z80_init
 .text          0x00000000000615b0     0x206c pico/videoport.o
                0x00000000000619c4                PicoVideoRead8HV_L
                0x0000000000061aa8                PicoVideoRead8HV_H
                0x0000000000061b34                PicoVideoRead8CtlL
                0x0000000000061c08                PicoVideoRead8CtlH
                0x0000000000061c9c                PicoVideoRead
                0x00000000000629a8                PicoVideoWrite
                0x00000000000632e0                PicoVideoRead8DataL
                0x000000000006347c                PicoVideoRead8DataH
 *fill*         0x000000000006361c        0x4 
 .text          0x0000000000063620     0x1084 pico/draw2.o
                0x0000000000063d64                PicoDraw2Init
                0x0000000000063df8                PicoFrameFull
 *fill*         0x00000000000646a4        0x4 
 .text          0x00000000000646a8     0x627c pico/draw.o
                0x00000000000670a8                PicoDrawInit
                0x0000000000067160                PicoDrawSetCallbacks
                0x0000000000067274                PicoDrawSetInternalBuf
                0x0000000000067358                PicoDrawSetOutBuf
                0x000000000006740c                PicoDrawSetOutFormat
                0x0000000000067590                PicoDrawUpdateHighPal
                0x00000000000679b8                DrawStripInterlace
                0x0000000000069cf4                PicoFrameStart
                0x0000000000069f70                PicoDrawSync
 *fill*         0x000000000006a924        0x4 
 .text          0x000000000006a928     0x1780 pico/mode4.o
                0x000000000006af4c                PicoDrawSetOutputMode4
                0x000000000006b0f0                PicoDoHighPal555M4
                0x000000000006b5e0                PicoLineMode4
                0x000000000006bee8                PicoFrameStartMode4
 .text          0x000000000006c0a8        0x0 pico/misc.o
 .text          0x000000000006c0a8     0x11e0 pico/eeprom.o
                0x000000000006c5f4                EEPROM_write16
                0x000000000006c778                EEPROM_write8
                0x000000000006c9b4                EEPROM_read
 .text          0x000000000006d288     0x200c pico/patch.o
                0x000000000006d288                PicoPatchApply
                0x000000000006d694                PicoPatchPrepare
                0x000000000006d844                PicoPatchUnload
                0x000000000006d8f0                fusion_rom_decode
                0x000000000006dc04                fusion_ram_decode
                0x000000000006de6c                ar_decode_ms
                0x000000000006e124                genie_decode_ms
                0x000000000006e4e4                decode
                0x000000000006edd4                PicoPatchLoad
 *fill*         0x000000000006f294        0x4 
 .text          0x000000000006f298     0x2c7c pico/debug.o
                0x000000000006f298                PDebugCPUStep
                0x000000000006f370                PDebugZ80Frame
                0x000000000006f7f4                PDebugDumpMem
                0x0000000000070948                PDebugShowSprite
                0x0000000000070d08                PDebugShowPalette
                0x0000000000070f78                PDebugShowSpriteStats
                0x00000000000714e4                PDebugSpriteList
                0x00000000000716ec                PDebug32x
                0x0000000000071a0c                PDebugMain
 *fill*         0x0000000000071f14        0x4 
 .text          0x0000000000071f18     0x147c pico/media.o
                0x0000000000072010                PicoCdCheck
                0x0000000000072634                PicoLoadMedia
 *fill*         0x0000000000073394        0x4 
 .text          0x0000000000073398     0x153c pico/sms.o
                0x0000000000073398                PicoFrameDrawOnlyMS
                0x0000000000073460                PicoFrameMS
                0x0000000000073a2c                PicoMemSetupMS
                0x0000000000073c10                PicoPowerMS
                0x0000000000073d78                PicoResetMS
                0x0000000000074040                PicoStateLoadedMS
 *fill*         0x00000000000748d4        0x4 
 .text          0x00000000000748d8     0x364c pico/cd/mcd.o
                0x0000000000074bec                pcd_state_loaded
                0x0000000000074eb8                pcd_prepare_frame
                0x0000000000074f98                pcd_sync_s68k
                0x0000000000075380                pcd_event_schedule_s68k
                0x00000000000754c8                pcd_event_schedule
                0x0000000000075960                pcd_cycles_m68k_to_s68k
                0x00000000000759fc                PicoResetMCD
                0x0000000000075b14                PicoPowerMCD
                0x0000000000075ca0                PicoExitMCD
                0x0000000000075d20                PicoInitMCD
                0x0000000000076208                pcd_run_cpus
                0x00000000000764d0                pcd_run_cpus_lockstep
                0x00000000000765c8                PicoFrameMCD
                0x0000000000077cec                pcd_soft_reset
 *fill*         0x0000000000077f24        0x4 
 .text          0x0000000000077f28     0x3ccc pico/cd/memory.o
                0x0000000000078bd0                s68k_reg_write8
                0x00000000000793e0                s68k_reg_write16
                0x000000000007984c                s68k_poll_detect
                0x0000000000079a00                s68k_reg_read16
                0x000000000007a0a4                m68k_reg_write8
                0x000000000007a5ec                m68k_comm_check
                0x000000000007a770                s68k_write32
                0x000000000007a8d0                s68k_write16
                0x000000000007a9e8                s68k_write8
                0x000000000007aaf8                s68k_read32
                0x000000000007ac58                s68k_read16
                0x000000000007ad60                s68k_read8
                0x000000000007b234                pcd_state_loaded_mem
                0x000000000007b3fc                PicoMemSetupCD
 *fill*         0x000000000007bbf4        0x4 
 .text          0x000000000007bbf8      0x440 pico/cd/sek.o
                0x000000000007bbf8                SekInterruptClearS68k
                0x000000000007bce0                SekInterruptS68k
                0x000000000007bdc0                SekResetS68k
                0x000000000007be88                SekInitS68k
 .text          0x000000000007c038     0x1a68 pico/cd/cdc.o
                0x000000000007c038                cdc_host_r
                0x000000000007c1f0                cdc_reg_r
                0x000000000007c544                cdc_context_load_old
                0x000000000007c76c                cdc_context_load
                0x000000000007c8f0                cdc_context_save
                0x000000000007ca34                cdc_reset
                0x000000000007cb10                cdc_reg_w
                0x000000000007d12c                cdc_init
                0x000000000007d1c0                cdc_decoder_update
                0x000000000007d3f4                cdc_dma_update
 .text          0x000000000007daa0     0x25c4 pico/cd/cdd.o
                0x000000000007dc10                cdd_process
                0x000000000007eda8                cdd_update
                0x000000000007f1e4                cdd_read_data
                0x000000000007f30c                cdd_unload
                0x000000000007f518                cdd_load
                0x000000000007fc8c                cdd_context_load_old
                0x000000000007fd2c                cdd_context_load
                0x000000000007fec8                cdd_context_save
                0x000000000007ffbc                cdd_reset
 *fill*         0x0000000000080064        0x4 
 .text          0x0000000000080068     0x1240 pico/cd/cd_image.o
                0x0000000000080254                load_cd_image
 .text          0x00000000000812a8     0x2114 pico/cd/cue.o
                0x00000000000812a8                cue_destroy
                0x0000000000081700                cue_parse
 *fill*         0x00000000000833bc        0x4 
 .text          0x00000000000833c0     0x11f0 pico/cd/gfx.o
                0x00000000000833c0                gfx_update
                0x0000000000083a80                gfx_context_load
                0x0000000000083bb0                gfx_context_save
                0x0000000000083ce8                gfx_init
                0x00000000000842c4                gfx_start
 .text          0x00000000000845b0      0x6d8 pico/cd/gfx_dma.o
                0x00000000000846d0                DmaSlowCell
 .text          0x0000000000084c88        0x0 pico/cd/misc.o
 .text          0x0000000000084c88      0xa8c pico/cd/pcm.o
                0x0000000000084c88                pcd_pcm_sync
                0x0000000000085170                pcd_pcm_read
                0x00000000000852a0                pcd_pcm_write
                0x0000000000085458                pcd_pcm_update
 *fill*         0x0000000000085714        0x4 
 .text          0x0000000000085718     0x4f58 pico/32x/32x.o
                0x0000000000085b20                Pico32xSetClocks
                0x0000000000085c64                p32x_sync_sh2s
                0x0000000000086274                sync_sh2s_lockstep
                0x0000000000086364                p32x_sync_other_sh2
                0x0000000000086504                p32x_event_schedule_sh2
                0x0000000000086654                p32x_event_schedule
                0x0000000000086814                p32x_schedule_hint
                0x00000000000869b0                PicoUnload32x
                0x0000000000086ac4                PicoPower32x
                0x0000000000086b6c                Pico32xInit
                0x0000000000086c98                Pico32xStartup
                0x0000000000086e7c                p32x_update_irls
                0x0000000000087158                p32x_update_cmd_irq
                0x00000000000872a0                p32x_trigger_irq
                0x000000000008738c                PicoReset32x
                0x000000000008759c                p32x_reset_sh2s
                0x00000000000879e8                PicoFrame32x
                0x000000000008a380                Pico32xStateLoaded
 .text          0x000000000008a670     0x7ee4 pico/32x/memory.o
                0x000000000008b11c                Pico32xSwapDRAM
                0x000000000008b870                p32x_sh2_write32
                0x000000000008b9dc                p32x_sh2_write16
                0x000000000008bac0                p32x_sh2_write8
                0x000000000008bba8                p32x_sh2_read32
                0x000000000008bd54                p32x_sh2_read16
                0x000000000008be6c                p32x_sh2_read8
                0x000000000008e1bc                PicoRead16_32x
                0x000000000008e2fc                PicoRead8_32x
                0x000000000008e420                p32x_sh2_poll_event
                0x000000000008e500                p32x_m68k_poll_event
                0x000000000008f590                Pico32xMemStateLoaded
                0x0000000000090390                PicoWrite8_32x
                0x0000000000090bf8                PicoWrite16_32x
                0x0000000000090f64                p32x_update_banks
                0x00000000000914cc                PicoMemSetup32x
 *fill*         0x0000000000092554        0x4 
 .text          0x0000000000092558     0x35ac pico/32x/draw.o
                0x0000000000092644                PicoDrawSetOutFormat32x
                0x0000000000092770                PicoDraw32xLayerMdOnly
                0x0000000000092b5c                PicoDraw32xLayer
                0x00000000000954b4                FinalizeLine32xRGB555
 *fill*         0x0000000000095b04        0x4 
 .text          0x0000000000095b08     0x1dcc pico/32x/sh2soc.o
                0x0000000000096340                p32x_dreq0_trigger
                0x0000000000096490                sh2_peripheral_write16
                0x0000000000096648                sh2_peripheral_write8
                0x0000000000096840                sh2_peripheral_read32
                0x00000000000968d8                sh2_peripheral_read16
                0x000000000009697c                sh2_peripheral_read8
                0x0000000000096a18                sh2_peripheral_reset
                0x0000000000096ad8                p32x_timers_do
                0x0000000000096c8c                p32x_timers_recalc
                0x0000000000096db4                p32x_dreq1_trigger
                0x0000000000097538                sh2_peripheral_write32
 *fill*         0x00000000000978d4        0x4 
 .text          0x00000000000978d8     0x17a0 pico/32x/pwm.o
                0x0000000000097c98                p32x_pwm_read16
                0x0000000000097e90                p32x_pwm_sync_to_sh2
                0x0000000000097f84                p32x_pwm_schedule_sh2
                0x00000000000981a8                p32x_pwm_update
                0x000000000009862c                p32x_pwm_ctl_changed
                0x0000000000098748                p32x_pwm_write16
                0x0000000000098a14                p32x_pwm_schedule
                0x0000000000098c00                p32x_pwm_irq_event
                0x0000000000098e6c                p32x_pwm_state_loaded
 .text          0x0000000000099078      0x540 pico/pico/pico.o
                0x0000000000099078                PicoInitPico
                0x00000000000994a4                PicoReratePico
 .text          0x00000000000995b8      0x6ec pico/pico/memory.o
                0x00000000000995b8                PicoMemSetupPico
 *fill*         0x0000000000099ca4        0x4 
 .text          0x0000000000099ca8      0xa4c pico/pico/xpcm.o
                0x0000000000099ca8                PicoPicoPCMUpdate
                0x000000000009a58c                PicoPicoPCMReset
                0x000000000009a634                PicoPicoPCMRerate
 *fill*         0x000000000009a6f4        0x4 
 .text          0x000000000009a6f8     0x3e78 pico/carthw/carthw.o
                0x000000000009a82c                carthw_prot_lk3_startup
                0x000000000009ad38                carthw_sprot_startup
                0x000000000009b0b4                carthw_sprot_new_location
                0x000000000009b9dc                carthw_pier_startup
                0x000000000009c268                carthw_radica_startup
                0x000000000009c504                carthw_realtec_startup
                0x000000000009caa4                carthw_Xin1_startup
                0x000000000009cd58                carthw_ssf2_startup
                0x000000000009d044                carthw_ssf2_write8
                0x000000000009d220                carthw_ssf2_write16
 .text          0x000000000009e570      0x768 pico/carthw/eeprom_spi.o
                0x000000000009e570                eeprom_spi_read
                0x000000000009e5f0                eeprom_spi_write
                0x000000000009ec0c                eeprom_spi_init
 .text          0x000000000009ecd8      0x6f4 pico/carthw/svp/svp.o
                0x000000000009ecd8                PicoSVPStartup
                0x000000000009ef98                PicoSVPInit
 *fill*         0x000000000009f3cc        0x4 
 .text          0x000000000009f3d0      0x89c pico/carthw/svp/memory.o
                0x000000000009f3d0                PicoSVPMemSetup
 *fill*         0x000000000009fc6c        0x4 
 .text          0x000000000009fc70     0x744c pico/carthw/svp/ssp16.o
                0x00000000000a068c                ssp1601_run
                0x00000000000a3950                ssp1601_reset
 .text          0x00000000000a70bc      0x758 pico/carthw/svp/stub_arm.o
                0x00000000000a70bc                ssp_drc_entry
                0x00000000000a7114                ssp_drc_next
                0x00000000000a71ac                ssp_drc_next_patch
                0x00000000000a72b8                ssp_drc_end
                0x00000000000a7310                ssp_hle_800
                0x00000000000a7338                ssp_hle_902
                0x00000000000a73f4                ssp_hle_11_12c
                0x00000000000a74f0                ssp_hle_11_384
                0x00000000000a74f8                ssp_hle_11_38a
                0x00000000000a7590                ssp_hle_07_6d6
                0x00000000000a7610                ssp_hle_07_030
                0x00000000000a7624                ssp_hle_07_036
 *fill*         0x00000000000a7814        0x4 
 .text          0x00000000000a7818     0xba4c pico/carthw/svp/compiler.o
                0x00000000000a8164                ssp1601_dyn_run
                0x00000000000a8224                ssp1601_dyn_reset
                0x00000000000a8314                ssp1601_dyn_startup
                0x00000000000a84cc                ssp1601_dyn_exit
                0x00000000000a9cc8                tr_unhandled
                0x00000000000a9d48                ssp_get_iram_context
                0x00000000000a9e00                ssp_pm_write
                0x00000000000aa278                ssp_pm_read
                0x00000000000aeb90                ssp_translate_block
 *fill*         0x00000000000b3264        0x4 
 .text          0x00000000000b3268     0x2648 pico/sound/sound.o
                0x00000000000b3268                PsndClear
                0x00000000000b33d0                PsndDoPSG
                0x00000000000b3534                PsndDoDAC
                0x00000000000b3854                PsndStartFrame
                0x00000000000b3948                cdda_start_play
                0x00000000000b3ad8                PsndRerate
                0x00000000000b4990                PsndGetSamplesMS
                0x00000000000b4cc8                PsndReset
                0x00000000000b5478                PsndGetSamples
 .text          0x00000000000b58b0      0xdc4 pico/sound/sn76496.o
                0x00000000000b58b0                SN76496_init
                0x00000000000b5b24                SN76496Update
                0x00000000000b63ac                SN76496Write
 *fill*         0x00000000000b6674        0x4 
 .text          0x00000000000b6678     0x7150 pico/sound/ym2612.o
                0x00000000000b6a0c                YM2612GetRegs
                0x00000000000b6a94                YM2612PicoStateLoad2
                0x00000000000b6f4c                YM2612PicoStateSave2
                0x00000000000b7580                YM2612PicoStateLoad_
                0x00000000000b7624                YM2612Write_
                0x00000000000b8844                YM2612ResetChip_
                0x00000000000b9b74                YM2612Init_
                0x00000000000bad10                YM2612UpdateOne_
 .text          0x00000000000bd7c8    0xc5b4c cpu/fame/famec.o
                0x00000000000bd990                fm68k_would_interrupt
                0x00000000000bda38                fm68k_get_pc
                0x00000000000bdac0                fm68k_emulate
                0x0000000000182f70                fm68k_idle_remove
                0x0000000000183010                fm68k_idle_install
                0x00000000001830b0                fm68k_reset
                0x0000000000183254                fm68k_init
 *fill*         0x0000000000183314        0xc 
 .text          0x0000000000183320     0x7540 cpu/DrZ80/drz80.o
                0x000000000018346c                DrZ80Run
 .text          0x000000000018a860      0x2f0 cpu/drc/cmn.o
                0x000000000018a860                drc_cmn_cleanup
                0x000000000018a8e0                drc_cmn_init
 .text          0x000000000018ab50      0x6fc cpu/sh2/sh2.o
                0x000000000018ab50                sh2_unpack
                0x000000000018ac00                sh2_pack
                0x000000000018aca8                sh2_internal_irq
                0x000000000018ad60                sh2_do_irq
                0x000000000018ae8c                sh2_irl_irq
                0x000000000018b014                sh2_reset
                0x000000000018b0e8                sh2_finish
                0x000000000018b180                sh2_init
 *fill*         0x000000000018b24c        0x4 
 .text          0x000000000018b250    0x15d14 cpu/sh2/compiler.o
                0x000000000018c678                scan_block
                0x0000000000190cdc                sh2_drc_frame
                0x0000000000190d8c                sh2_drc_mem_setup
                0x0000000000190e6c                sh2_execute_drc
                0x000000000019123c                sh2_drc_flush_all
                0x0000000000191314                sh2_drc_finish
                0x000000000019542c                sh2_drc_wcheck_ram
                0x00000000001954e0                sh2_drc_wcheck_da
                0x0000000000195be0                sh2_drc_init
 *fill*         0x00000000001a0f64        0x4 
 .text          0x00000000001a0f68     0x7500 cpu/sh2/mame/sh2pico.o
                0x00000000001a5bc8                sh2_execute_interpreter
 .text          0x00000000001a8468       0x34 /opt/miyoo/lib/gcc/arm-miyoo-linux-uclibcgnueabi/7.3.0/libgcov.a(_gcov_merge_add.o)
                0x00000000001a846c                __gcov_merge_add
 .text          0x00000000001a849c       0xe0 /opt/miyoo/lib/gcc/arm-miyoo-linux-uclibcgnueabi/7.3.0/libgcov.a(_gcov_merge_single.o)
                0x00000000001a84a0                __gcov_merge_single
 .text          0x00000000001a857c       0x34 /opt/miyoo/lib/gcc/arm-miyoo-linux-uclibcgnueabi/7.3.0/libgcov.a(_gcov_merge_ior.o)
                0x00000000001a8580                __gcov_merge_ior
 .text          0x00000000001a85b0       0x58 /opt/miyoo/lib/gcc/arm-miyoo-linux-uclibcgnueabi/7.3.0/libgcov.a(_gcov_merge_time_profile.o)
                0x00000000001a85b4                __gcov_merge_time_profile
 .text          0x00000000001a8608       0x64 /opt/miyoo/lib/gcc/arm-miyoo-linux-uclibcgnueabi/7.3.0/libgcov.a(_gcov_interval_profiler.o)
                0x00000000001a8608                __gcov_interval_profiler
 .text          0x00000000001a866c       0x54 /opt/miyoo/lib/gcc/arm-miyoo-linux-uclibcgnueabi/7.3.0/libgcov.a(_gcov_pow2_profiler.o)
                0x00000000001a866c                __gcov_pow2_profiler
 .text          0x00000000001a86c0       0x64 /opt/miyoo/lib/gcc/arm-miyoo-linux-uclibcgnueabi/7.3.0/libgcov.a(_gcov_one_value_profiler.o)
                0x00000000001a8720                __gcov_one_value_profiler
 .text          0x00000000001a8724       0x28 /opt/miyoo/lib/gcc/arm-miyoo-linux-uclibcgnueabi/7.3.0/libgcov.a(_gcov_average_profiler.o)
                0x00000000001a8724                __gcov_average_profiler
 .text          0x00000000001a874c       0x18 /opt/miyoo/lib/gcc/arm-miyoo-linux-uclibcgnueabi/7.3.0/libgcov.a(_gcov_ior_profiler.o)
                0x00000000001a874c                __gcov_ior_profiler
 .text          0x00000000001a8764       0xb0 /opt/miyoo/lib/gcc/arm-miyoo-linux-uclibcgnueabi/7.3.0/libgcov.a(_gcov_indirect_call_profiler_v2.o)
                0x00000000001a87c4                __gcov_indirect_call_profiler_v2
 .text          0x00000000001a8814        0x0 /opt/miyoo/lib/gcc/arm-miyoo-linux-uclibcgnueabi/7.3.0/libgcov.a(_gcov_time_profiler.o)
 .text          0x00000000001a8814     0x1d84 /opt/miyoo/lib/gcc/arm-miyoo-linux-uclibcgnueabi/7.3.0/libgcov.a(_gcov.o)
                0x00000000001a94d4                __gcov_rewrite
                0x00000000001a950c                __gcov_open
                0x00000000001a970c                __gcov_close
                0x00000000001a9774                __gcov_write_unsigned
                0x00000000001a978c                __gcov_write_counter
                0x00000000001a97ac                __gcov_write_tag_length
                0x00000000001a97cc                __gcov_write_summary
                0x00000000001a98dc                __gcov_read_unsigned
                0x00000000001a98fc                __gcov_read_counter
                0x00000000001a9ac4                __gcov_read_summary
                0x00000000001a9ee8                __gcov_seek
                0x00000000001aa10c                __gcov_sort_n_vals
                0x00000000001aa440                __gcov_dump_one
                0x00000000001aa474                __gcov_exit
                0x00000000001aa4d8                __gcov_init
 .text          0x00000000001aa598       0xc8 /opt/miyoo/lib/gcc/arm-miyoo-linux-uclibcgnueabi/7.3.0/libgcc.a(_udivsi3.o)
                0x00000000001aa598                __udivsi3
                0x00000000001aa598                __aeabi_uidiv
                0x00000000001aa640                __aeabi_uidivmod
 .text          0x00000000001aa660       0xfc /opt/miyoo/lib/gcc/arm-miyoo-linux-uclibcgnueabi/7.3.0/libgcc.a(_divsi3.o)
                0x00000000001aa660                __divsi3
                0x00000000001aa660                __aeabi_idiv
                0x00000000001aa73c                __aeabi_idivmod
 .text          0x00000000001aa75c      0x3c0 /opt/miyoo/lib/gcc/arm-miyoo-linux-uclibcgnueabi/7.3.0/libgcc.a(_arm_addsubdf3.o)
                0x00000000001aa75c                __aeabi_drsub
                0x00000000001aa764                __aeabi_dsub
                0x00000000001aa764                __subdf3
                0x00000000001aa768                __adddf3
                0x00000000001aa768                __aeabi_dadd
                0x00000000001aaa14                __aeabi_ui2d
                0x00000000001aaa14                __floatunsidf
                0x00000000001aaa38                __aeabi_i2d
                0x00000000001aaa38                __floatsidf
                0x00000000001aaa60                __extendsfdf2
                0x00000000001aaa60                __aeabi_f2d
                0x00000000001aaaa8                __aeabi_ul2d
                0x00000000001aaaa8                __floatundidf
                0x00000000001aaabc                __floatdidf
                0x00000000001aaabc                __aeabi_l2d
 .text          0x00000000001aab1c      0x470 /opt/miyoo/lib/gcc/arm-miyoo-linux-uclibcgnueabi/7.3.0/libgcc.a(_arm_muldivdf3.o)
                0x00000000001aab1c                __aeabi_dmul
                0x00000000001aab1c                __muldf3
                0x00000000001aad88                __aeabi_ddiv
                0x00000000001aad88                __divdf3
 .text          0x00000000001aaf8c      0x12c /opt/miyoo/lib/gcc/arm-miyoo-linux-uclibcgnueabi/7.3.0/libgcc.a(_arm_cmpdf2.o)
                0x00000000001aaf8c                __gtdf2
                0x00000000001aaf8c                __gedf2
                0x00000000001aaf94                __ltdf2
                0x00000000001aaf94                __ledf2
                0x00000000001aaf9c                __cmpdf2
                0x00000000001aaf9c                __nedf2
                0x00000000001aaf9c                __eqdf2
                0x00000000001ab024                __aeabi_cdrcmple
                0x00000000001ab040                __aeabi_cdcmple
                0x00000000001ab040                __aeabi_cdcmpeq
                0x00000000001ab054                __aeabi_dcmpeq
                0x00000000001ab068                __aeabi_dcmplt
                0x00000000001ab07c                __aeabi_dcmple
                0x00000000001ab090                __aeabi_dcmpge
                0x00000000001ab0a4                __aeabi_dcmpgt
 .text          0x00000000001ab0b8       0x5c /opt/miyoo/lib/gcc/arm-miyoo-linux-uclibcgnueabi/7.3.0/libgcc.a(_arm_fixdfsi.o)
                0x00000000001ab0b8                __aeabi_d2iz
                0x00000000001ab0b8                __fixdfsi
 .text          0x00000000001ab114       0x54 /opt/miyoo/lib/gcc/arm-miyoo-linux-uclibcgnueabi/7.3.0/libgcc.a(_arm_fixunsdfsi.o)
                0x00000000001ab114                __aeabi_d2uiz
                0x00000000001ab114                __fixunsdfsi
 .text          0x00000000001ab168       0xa0 /opt/miyoo/lib/gcc/arm-miyoo-linux-uclibcgnueabi/7.3.0/libgcc.a(_arm_truncdfsf2.o)
                0x00000000001ab168                __aeabi_d2f
                0x00000000001ab168                __truncdfsf2
 .text          0x00000000001ab208      0x250 /opt/miyoo/lib/gcc/arm-miyoo-linux-uclibcgnueabi/7.3.0/libgcc.a(_arm_addsubsf3.o)
                0x00000000001ab208                __aeabi_frsub
                0x00000000001ab210                __aeabi_fsub
                0x00000000001ab210                __subsf3
                0x00000000001ab214                __aeabi_fadd
                0x00000000001ab214                __addsf3
                0x00000000001ab3a4                __aeabi_ui2f
                0x00000000001ab3a4                __floatunsisf
                0x00000000001ab3ac                __floatsisf
                0x00000000001ab3ac                __aeabi_i2f
                0x00000000001ab3cc                __floatundisf
                0x00000000001ab3cc                __aeabi_ul2f
                0x00000000001ab3dc                __floatdisf
                0x00000000001ab3dc                __aeabi_l2f
 .text          0x00000000001ab458      0x2f8 /opt/miyoo/lib/gcc/arm-miyoo-linux-uclibcgnueabi/7.3.0/libgcc.a(_arm_muldivsf3.o)
                0x00000000001ab458                __mulsf3
                0x00000000001ab458                __aeabi_fmul
                0x00000000001ab5f0                __aeabi_fdiv
                0x00000000001ab5f0                __divsf3
 .text          0x00000000001ab750       0x5c /opt/miyoo/lib/gcc/arm-miyoo-linux-uclibcgnueabi/7.3.0/libgcc.a(_arm_fixsfsi.o)
                0x00000000001ab750                __fixsfsi
                0x00000000001ab750                __aeabi_f2iz
 .text          0x00000000001ab7ac       0xd4 /opt/miyoo/lib/gcc/arm-miyoo-linux-uclibcgnueabi/7.3.0/libgcc.a(_aeabi_ldivmod.o)
                0x00000000001ab7ac                __aeabi_ldivmod
 .text          0x00000000001ab880       0x10 /opt/miyoo/lib/gcc/arm-miyoo-linux-uclibcgnueabi/7.3.0/libgcc.a(_dvmd_lnx.o)
                0x00000000001ab880                __aeabi_ldiv0
                0x00000000001ab880                __aeabi_idiv0
 .text          0x00000000001ab890       0x44 /opt/miyoo/lib/gcc/arm-miyoo-linux-uclibcgnueabi/7.3.0/libgcc.a(_popcountsi2.o)
                0x00000000001ab890                __popcountsi2
 .text          0x00000000001ab8d4      0x15c /opt/miyoo/lib/gcc/arm-miyoo-linux-uclibcgnueabi/7.3.0/libgcc.a(_udivmoddi4.o)
                0x00000000001ab8d4                __udivmoddi4
 .text          0x00000000001aba30        0x0 /opt/miyoo/lib/gcc/arm-miyoo-linux-uclibcgnueabi/7.3.0/crtend.o
 .text          0x00000000001aba30        0x0 /opt/miyoo/arm-miyoo-linux-uclibcgnueabi/sysroot/usr/lib/crtn.o
 *(.gnu.warning)
 *(.glue_7t)
 .glue_7t       0x00000000001aba30        0x0 linker stubs
 *(.glue_7)
 .glue_7        0x00000000001aba30        0x0 linker stubs
 *(.vfp11_veneer)
 .vfp11_veneer  0x00000000001aba30        0x0 linker stubs
 *(.v4_bx)
 .v4_bx         0x00000000001aba30        0x0 linker stubs

.fini           0x00000000001aba30       0x10
 *(SORT_NONE(.fini))
 .fini          0x00000000001aba30        0xc /opt/miyoo/arm-miyoo-linux-uclibcgnueabi/sysroot/usr/lib/crti.o
                0x00000000001aba30                _fini
 .fini          0x00000000001aba3c        0x4 /opt/miyoo/arm-miyoo-linux-uclibcgnueabi/sysroot/usr/lib/crtn.o
                [!provide]                        PROVIDE (__etext = .)
                [!provide]                        PROVIDE (_etext = .)
                [!provide]                        PROVIDE (etext = .)

.rodata         0x00000000001aba40     0x96fe
 *(.rodata .rodata.* .gnu.linkonce.r.*)
 .rodata        0x00000000001aba40      0x570 platform/opendingux/inputmap.o
                0x00000000001aba40                in_sdl_key_names
                0x00000000001abf4c                in_sdl_key_map
                0x00000000001abf74                in_sdl_defbinds
 .rodata.str1.4
                0x00000000001abfb0       0x46 platform/opendingux/inputmap.o
                                         0x52 (size before relaxing)
 *fill*         0x00000000001abff6        0x2 
 .rodata.str1.4
                0x00000000001abff8       0x6f platform/linux/emu.o
                                         0x73 (size before relaxing)
 *fill*         0x00000000001ac067        0x1 
 .rodata.str1.4
                0x00000000001ac068       0x27 platform/linux/blit.o
 *fill*         0x00000000001ac08f        0x1 
 .rodata        0x00000000001ac090       0xc0 platform/common/plat_sdl.o
                0x00000000001ac0a8                in_sdl_joy_map
 .rodata.str1.4
                0x00000000001ac150       0x3c platform/common/plat_sdl.o
                                         0x44 (size before relaxing)
 .rodata.str1.4
                0x00000000001ac18c      0x20b platform/libpicofe/plat_sdl.o
 *fill*         0x00000000001ac397        0x1 
 .rodata        0x00000000001ac398      0x548 platform/libpicofe/in_sdl.o
 .rodata.str1.4
                0x00000000001ac8e0      0x2b8 platform/libpicofe/in_sdl.o
                                        0x334 (size before relaxing)
 .rodata.str1.4
                0x00000000001acb98       0x31 platform/libpicofe/plat_dummy.o
 *fill*         0x00000000001acbc9        0x3 
 .rodata.str1.4
                0x00000000001acbcc      0x194 platform/common/main.o
 .rodata        0x00000000001acd60       0x30 platform/common/emu.o
 .rodata.str1.4
                0x00000000001acd90      0x5b0 platform/common/emu.o
                                        0x5d8 (size before relaxing)
 .rodata        0x00000000001ad340      0x4bb platform/common/menu_pico.o
 *fill*         0x00000000001ad7fb        0x1 
 .rodata.str1.4
                0x00000000001ad7fc      0xba8 platform/common/menu_pico.o
                                        0xbdc (size before relaxing)
 .rodata.str1.4
                0x00000000001ae3a4      0x31b platform/common/config_file.o
                                        0x36f (size before relaxing)
 *fill*         0x00000000001ae6bf        0x1 
 .rodata.str1.4
                0x00000000001ae6c0      0x218 platform/libpicofe/input.o
 .rodata.str1.4
                0x00000000001ae8d8      0x35e platform/libpicofe/readpng.o
                                        0x366 (size before relaxing)
 *fill*         0x00000000001aec36        0x2 
 .rodata.str1.4
                0x00000000001aec38       0x2c platform/libpicofe/fonts.o
 .rodata        0x00000000001aec64      0xc3c platform/libpicofe/linux/in_evdev.o
 .rodata.str1.4
                0x00000000001af8a0      0x58b platform/libpicofe/linux/in_evdev.o
                                        0x65b (size before relaxing)
 *fill*         0x00000000001afe2b        0x1 
 .rodata.str1.4
                0x00000000001afe2c      0x16d platform/libpicofe/linux/plat.o
 *fill*         0x00000000001aff99        0x3 
 .rodata.str1.4
                0x00000000001aff9c       0x59 platform/libpicofe/sndout.o
 *fill*         0x00000000001afff5        0x3 
 .rodata.str1.4
                0x00000000001afff8       0x45 platform/libpicofe/sndout_sdl.o
 *fill*         0x00000000001b003d        0x3 
 .rodata.str1.4
                0x00000000001b0040       0x27 platform/common/mp3.o
 *fill*         0x00000000001b0067        0x1 
 .rodata.str1.4
                0x00000000001b0068       0x2d platform/common/mp3_dummy.o
 *fill*         0x00000000001b0095        0x3 
 .rodata.str1.4
                0x00000000001b0098      0x423 unzip/unzip.o
                                        0x427 (size before relaxing)
 *fill*         0x00000000001b04bb        0x1 
 .rodata        0x00000000001b04bc       0x80 pico/pico.o
 .rodata.str1.4
                0x00000000001b053c       0x49 pico/pico.o
 *fill*         0x00000000001b0585        0x3 
 .rodata        0x00000000001b0588     0x12fa pico/cart.o
 *fill*         0x00000000001b1882        0x2 
 .rodata.str1.4
                0x00000000001b1884      0x50d pico/cart.o
                                        0x545 (size before relaxing)
 *fill*         0x00000000001b1d91        0x3 
 .rodata.str1.4
                0x00000000001b1d94       0xa7 pico/memory.o
 *fill*         0x00000000001b1e3b        0x1 
 .rodata        0x00000000001b1e3c       0xf8 pico/state.o
 .rodata.str1.4
                0x00000000001b1f34      0x701 pico/state.o
                                        0x715 (size before relaxing)
 *fill*         0x00000000001b2635        0x3 
 .rodata.str1.4
                0x00000000001b2638       0x50 pico/sek.o
 .rodata.str1.4
                0x00000000001b2688       0xb6 pico/z80if.o
                                         0xba (size before relaxing)
 *fill*         0x00000000001b273e        0x2 
 .rodata.str1.4
                0x00000000001b2740       0x46 pico/videoport.o
 *fill*         0x00000000001b2786        0x2 
 .rodata.str1.4
                0x00000000001b2788       0x1e pico/draw2.o
 *fill*         0x00000000001b27a6        0x2 
 .rodata.str1.4
                0x00000000001b27a8       0x1d pico/draw.o
 *fill*         0x00000000001b27c5        0x3 
 .rodata.str1.4
                0x00000000001b27c8       0x1e pico/mode4.o
 *fill*         0x00000000001b27e6        0x2 
 .rodata        0x00000000001b27e8      0x400 pico/misc.o
                0x00000000001b27e8                hcounts_32
                0x00000000001b29e8                hcounts_40
 .rodata.str1.4
                0x00000000001b2be8       0x1f pico/eeprom.o
 *fill*         0x00000000001b2c07        0x1 
 .rodata.str1.4
                0x00000000001b2c08       0x26 pico/patch.o
                                         0x2a (size before relaxing)
 *fill*         0x00000000001b2c2e        0x2 
 .rodata.str1.4
                0x00000000001b2c30      0x55e pico/debug.o
                                        0x572 (size before relaxing)
 *fill*         0x00000000001b318e        0x2 
 .rodata        0x00000000001b3190        0x6 pico/media.o
 *fill*         0x00000000001b3196        0x2 
 .rodata.str1.4
                0x00000000001b3198      0x15e pico/media.o
                                        0x1a2 (size before relaxing)
 *fill*         0x00000000001b32f6        0x2 
 .rodata.str1.4
                0x00000000001b32f8       0x6c pico/sms.o
 .rodata.str1.4
                0x00000000001b3364       0x1f pico/cd/mcd.o
 *fill*         0x00000000001b3383        0x1 
 .rodata        0x00000000001b3384       0x70 pico/cd/memory.o
 .rodata.str1.4
                0x00000000001b33f4       0x22 pico/cd/memory.o
 *fill*         0x00000000001b3416        0x2 
 .rodata.str1.4
                0x00000000001b3418       0x1f pico/cd/sek.o
 *fill*         0x00000000001b3437        0x1 
 .rodata.str1.4
                0x00000000001b3438       0x1f pico/cd/cdc.o
 *fill*         0x00000000001b3457        0x1 
 .rodata        0x00000000001b3458      0x29c pico/cd/cdd.o
 .rodata.str1.4
                0x00000000001b36f4       0xa3 pico/cd/cdd.o
                                         0xb3 (size before relaxing)
 *fill*         0x00000000001b3797        0x1 
 .rodata        0x00000000001b3798       0x28 pico/cd/cd_image.o
 .rodata.str1.4
                0x00000000001b37c0      0x18e pico/cd/cd_image.o
                                        0x192 (size before relaxing)
 *fill*         0x00000000001b394e        0x2 
 .rodata.str1.4
                0x00000000001b3950      0x213 pico/cd/cue.o
                                        0x233 (size before relaxing)
 *fill*         0x00000000001b3b63        0x1 
 .rodata.str1.4
                0x00000000001b3b64       0x1f pico/cd/gfx.o
 *fill*         0x00000000001b3b83        0x1 
 .rodata.str1.4
                0x00000000001b3b84       0x23 pico/cd/gfx_dma.o
 *fill*         0x00000000001b3ba7        0x1 
 .rodata.str1.4
                0x00000000001b3ba8       0x1f pico/cd/pcm.o
 *fill*         0x00000000001b3bc7        0x1 
 .rodata.str1.4
                0x00000000001b3bc8       0x78 pico/32x/32x.o
 .rodata        0x00000000001b3c40       0xe0 pico/32x/memory.o
 .rodata.str1.4
                0x00000000001b3d20       0xbf pico/32x/memory.o
 *fill*         0x00000000001b3ddf        0x1 
 .rodata        0x00000000001b3de0       0x30 pico/32x/draw.o
 .rodata.str1.4
                0x00000000001b3e10       0x21 pico/32x/draw.o
 *fill*         0x00000000001b3e31        0x3 
 .rodata.str1.4
                0x00000000001b3e34       0x23 pico/32x/sh2soc.o
 *fill*         0x00000000001b3e57        0x1 
 .rodata.str1.4
                0x00000000001b3e58       0x20 pico/32x/pwm.o
 .rodata        0x00000000001b3e78       0x20 pico/pico/pico.o
 .rodata.str1.4
                0x00000000001b3e98       0x3e pico/pico/pico.o
 *fill*         0x00000000001b3ed6        0x2 
 .rodata.str1.4
                0x00000000001b3ed8       0x24 pico/pico/memory.o
 .rodata        0x00000000001b3efc       0x60 pico/pico/xpcm.o
 .rodata.str1.4
                0x00000000001b3f5c       0x22 pico/pico/xpcm.o
 *fill*         0x00000000001b3f7e        0x2 
 .rodata.str1.4
                0x00000000001b3f80      0x1c2 pico/carthw/carthw.o
                                        0x1d2 (size before relaxing)
 *fill*         0x00000000001b4142        0x2 
 .rodata.str1.4
                0x00000000001b4144       0x2a pico/carthw/eeprom_spi.o
 *fill*         0x00000000001b416e        0x2 
 .rodata.str1.4
                0x00000000001b4170       0x5f pico/carthw/svp/svp.o
 *fill*         0x00000000001b41cf        0x1 
 .rodata.str1.4
                0x00000000001b41d0       0x2a pico/carthw/svp/memory.o
 *fill*         0x00000000001b41fa        0x2 
 .rodata        0x00000000001b41fc       0x80 pico/carthw/svp/ssp16.o
 .rodata.str1.4
                0x00000000001b427c       0x29 pico/carthw/svp/ssp16.o
 *fill*         0x00000000001b42a5        0x3 
 .rodata        0x00000000001b42a8       0xe8 pico/carthw/svp/compiler.o
 .rodata.str1.4
                0x00000000001b4390       0x70 pico/carthw/svp/compiler.o
 .rodata.str1.4
                0x00000000001b4400       0x24 pico/sound/sound.o
 .rodata.str1.4
                0x00000000001b4424       0x26 pico/sound/sn76496.o
 *fill*         0x00000000001b444a        0x2 
 .rodata        0x00000000001b444c      0x3e0 pico/sound/ym2612.o
 .rodata.str1.4
                0x00000000001b482c       0x25 pico/sound/ym2612.o
 *fill*         0x00000000001b4851        0x3 
 .rodata        0x00000000001b4854      0x400 cpu/fame/famec.o
 .rodata.str1.4
                0x00000000001b4c54       0x22 cpu/fame/famec.o
 *fill*         0x00000000001b4c76        0x2 
 .rodata.str1.4
                0x00000000001b4c78       0x9f cpu/drc/cmn.o
                                         0xa7 (size before relaxing)
 *fill*         0x00000000001b4d17        0x1 
 .rodata.str1.4
                0x00000000001b4d18       0x1f cpu/sh2/sh2.o
 *fill*         0x00000000001b4d37        0x1 
 .rodata        0x00000000001b4d38       0x84 cpu/sh2/compiler.o
 .rodata.str1.4
                0x00000000001b4dbc       0xd4 cpu/sh2/compiler.o
                                         0xf8 (size before relaxing)
 .rodata.str1.4
                0x00000000001b4e90       0x48 cpu/sh2/mame/sh2pico.o
 .rodata.str1.1
                0x00000000001b4ed8      0x266 /opt/miyoo/lib/gcc/arm-miyoo-linux-uclibcgnueabi/7.3.0/libgcov.a(_gcov.o)

.rodata1
 *(.rodata1)

.ARM.extab      0x00000000001b513e        0x0
 *(.ARM.extab* .gnu.linkonce.armextab.*)
 .ARM.extab     0x00000000001b513e        0x0 /opt/miyoo/lib/gcc/arm-miyoo-linux-uclibcgnueabi/7.3.0/libgcc.a(_udivmoddi4.o)
                [!provide]                        PROVIDE (__exidx_start = .)

.ARM.exidx      0x00000000001b5140        0x8
 *(.ARM.exidx* .gnu.linkonce.armexidx.*)
 .ARM.exidx     0x00000000001b5140        0x8 /opt/miyoo/lib/gcc/arm-miyoo-linux-uclibcgnueabi/7.3.0/libgcc.a(_udivmoddi4.o)
                [!provide]                        PROVIDE (__exidx_end = .)

.eh_frame_hdr
 *(.eh_frame_hdr)
 *(.eh_frame_entry .eh_frame_entry.*)

.eh_frame       0x00000000001b5148        0x4
 *(.eh_frame)
 .eh_frame      0x00000000001b5148        0x0 /opt/miyoo/lib/gcc/arm-miyoo-linux-uclibcgnueabi/7.3.0/crtbegin.o
 .eh_frame      0x00000000001b5148        0x4 /opt/miyoo/lib/gcc/arm-miyoo-linux-uclibcgnueabi/7.3.0/crtend.o
 *(.eh_frame.*)

.gcc_except_table
 *(.gcc_except_table .gcc_except_table.*)

.gnu_extab
 *(.gnu_extab*)

.exception_ranges
 *(.exception_ranges .exception_ranges*)
                0x00000000001c5cd0                . = DATA_SEGMENT_ALIGN (CONSTANT (MAXPAGESIZE), CONSTANT (COMMONPAGESIZE))

.eh_frame
 *(.eh_frame)
 *(.eh_frame.*)

.gnu_extab
 *(.gnu_extab)

.gcc_except_table
 *(.gcc_except_table .gcc_except_table.*)

.exception_ranges
 *(.exception_ranges .exception_ranges*)

.tdata
 *(.tdata .tdata.* .gnu.linkonce.td.*)
